Standard Commons Logging discovery in action with spring-jcl: please remove commons-logging.jar from classpath in order to avoid potential conflicts

  .   ____          _            __ _ _
 /\\ / ___'_ __ _ _(_)_ __  __ _ \ \ \ \
( ( )\___ | '_ | '_| | '_ \/ _` | \ \ \ \
 \\/  ___)| |_)| | | | | || (_| |  ) ) ) )
  '  |____| .__|_| |_|_| |_\__, | / / / /
 =========|_|==============|___/=/_/_/_/

 :: Spring Boot ::                (v3.5.5)

2026-09-03T23:14:35.201-05:00  INFO 35500 --- [backend-api] [           main] c.e.backend.BackendApiApplication        : Starting BackendApiApplication using Java 21.0.12 with PID 35500 (C:\Mis proyectos\Diseño de experimentos\Backend\target\classes started by thedi in C:\Mis proyectos\Diseño de experimentos\Backend)
2026-09-03T23:14:35.203-05:00  INFO 35500 --- [backend-api] [           main] c.e.backend.BackendApiApplication        : The following 1 profile is active: "local"
2026-09-03T23:14:35.855-05:00  INFO 35500 --- [backend-api] [           main] .s.d.r.c.RepositoryConfigurationDelegate : Bootstrapping Spring Data JPA repositories in DEFAULT mode.
2026-09-03T23:14:35.935-05:00  INFO 35500 --- [backend-api] [           main] .s.d.r.c.RepositoryConfigurationDelegate : Finished Spring Data repository scanning in 72 ms. Found 15 JPA repository interfaces.
2026-09-03T23:14:36.369-05:00  INFO 35500 --- [backend-api] [           main] o.s.b.w.embedded.tomcat.TomcatWebServer  : Tomcat initialized with port 8080 (http)
2026-09-03T23:14:36.380-05:00  INFO 35500 --- [backend-api] [           main] o.apache.catalina.core.StandardService   : Starting service [Tomcat]
2026-09-03T23:14:36.382-05:00  INFO 35500 --- [backend-api] [           main] o.apache.catalina.core.StandardEngine    : Starting Servlet engine: [Apache Tomcat/10.1.44]
2026-09-03T23:14:36.433-05:00  INFO 35500 --- [backend-api] [           main] o.a.c.c.C.[Tomcat].[localhost].[/]       : Initializing Spring embedded WebApplicationContext
2026-09-03T23:14:36.434-05:00  INFO 35500 --- [backend-api] [           main] w.s.c.ServletWebServerApplicationContext : Root WebApplicationContext: initialization completed in 1202 ms
Standard Commons Logging discovery in action with spring-jcl: please remove commons-logging.jar from classpath in order to avoid potential conflicts
2026-09-03T23:14:36.609-05:00  INFO 35500 --- [backend-api] [           main] com.zaxxer.hikari.HikariDataSource       : HikariPool-1 - Starting...
2026-09-03T23:14:36.730-05:00  INFO 35500 --- [backend-api] [           main] com.zaxxer.hikari.pool.HikariPool        : HikariPool-1 - Added connection com.mysql.cj.jdbc.ConnectionImpl@5908e6d6
2026-09-03T23:14:36.731-05:00  INFO 35500 --- [backend-api] [           main] com.zaxxer.hikari.HikariDataSource       : HikariPool-1 - Start completed.
2026-09-03T23:14:36.764-05:00  INFO 35500 --- [backend-api] [           main] org.flywaydb.core.FlywayExecutor         : Database: jdbc:mysql://localhost:3306/employee_wellbeing_db?useSSL=false&serverTimezone=UTC&allowPublicKeyRetrieval=true (MySQL 8.0)
2026-09-03T23:14:37.134-05:00  INFO 35500 --- [backend-api] [           main] o.f.core.internal.command.DbValidate     : Successfully validated 12 migrations (execution time 00:00.031s)
2026-09-03T23:14:37.147-05:00  INFO 35500 --- [backend-api] [           main] o.f.core.internal.command.DbMigrate      : Current version of schema `employee_wellbeing_db`: 12
2026-09-03T23:14:37.150-05:00  INFO 35500 --- [backend-api] [           main] o.f.core.internal.command.DbMigrate      : Schema `employee_wellbeing_db` is up to date. No migration necessary.
2026-09-03T23:14:37.219-05:00  INFO 35500 --- [backend-api] [           main] o.hibernate.jpa.internal.util.LogHelper  : HHH000204: Processing PersistenceUnitInfo [name: default]
2026-09-03T23:14:37.257-05:00  INFO 35500 --- [backend-api] [           main] org.hibernate.Version                    : HHH000412: Hibernate ORM core version 6.6.26.Final
2026-09-03T23:14:37.290-05:00  INFO 35500 --- [backend-api] [           main] o.h.c.internal.RegionFactoryInitiator    : HHH000026: Second-level cache disabled
2026-09-03T23:14:37.485-05:00  INFO 35500 --- [backend-api] [           main] o.s.o.j.p.SpringPersistenceUnitInfo      : No LoadTimeWeaver setup: ignoring JPA class transformer
2026-09-03T23:14:37.546-05:00  INFO 35500 --- [backend-api] [           main] org.hibernate.orm.connections.pooling    : HHH10001005: Database info:
	Database JDBC URL [Connecting through datasource 'HikariDataSource (HikariPool-1)']
	Database driver: undefined/unknown
	Database version: 8.0.46
	Autocommit mode: undefined/unknown
	Isolation level: undefined/unknown
	Minimum pool size: undefined/unknown
	Maximum pool size: undefined/unknown
2026-09-03T23:14:38.429-05:00  INFO 35500 --- [backend-api] [           main] o.h.e.t.j.p.i.JtaPlatformInitiator       : HHH000489: No JTA platform available (set 'hibernate.transaction.jta.platform' to enable JTA platform integration)
2026-09-03T23:14:38.460-05:00  INFO 35500 --- [backend-api] [           main] j.LocalContainerEntityManagerFactoryBean : Initialized JPA EntityManagerFactory for persistence unit 'default'
2026-09-03T23:14:39.152-05:00  INFO 35500 --- [backend-api] [           main] o.s.d.j.r.query.QueryEnhancerFactory     : Hibernate is in classpath; If applicable, HQL parser will be used.
2026-09-03T23:14:39.885-05:00  INFO 35500 --- [backend-api] [           main] r$InitializeUserDetailsManagerConfigurer : Global AuthenticationManager configured with UserDetailsService bean with name userDetailsService
2026-09-03T23:14:40.239-05:00  INFO 35500 --- [backend-api] [           main] o.s.b.w.embedded.tomcat.TomcatWebServer  : Tomcat started on port 8080 (http) with context path '/'
2026-09-03T23:14:40.246-05:00  INFO 35500 --- [backend-api] [           main] c.e.backend.BackendApiApplication        : Started BackendApiApplication in 5.399 seconds (process running for 5.69)
2026-09-03T23:15:09.977-05:00  INFO 35500 --- [backend-api] [nio-8080-exec-1] o.a.c.c.C.[Tomcat].[localhost].[/]       : Initializing Spring DispatcherServlet 'dispatcherServlet'
2026-09-03T23:15:09.977-05:00  INFO 35500 --- [backend-api] [nio-8080-exec-1] o.s.web.servlet.DispatcherServlet        : Initializing Servlet 'dispatcherServlet'
2026-09-03T23:15:09.979-05:00  INFO 35500 --- [backend-api] [nio-8080-exec-1] o.s.web.servlet.DispatcherServlet        : Completed initialization in 1 ms
2026-09-03T23:15:10.555-05:00  INFO 35500 --- [backend-api] [nio-8080-exec-5] .LoggingPasswordResetNotificationAdapter : Local password recovery link generated for employee recovery_audit_20260903231510312: http://localhost:8080/reset-password?token=DJzlUwqmkW4eBYzUzkkgerj4osS8klAO2VdHuATFlYk
2026-09-03T23:15:44.156-05:00  INFO 35500 --- [backend-api] [nio-8080-exec-3] .LoggingPasswordResetNotificationAdapter : Local password recovery link generated for employee recovery_audit_20260903231544050: http://localhost:8080/reset-password?token=DN0MsYzC5mxuT0tKTaCfeavg-CxuyFbD9LWqE7r4Hrc
2026-09-03T23:16:22.405-05:00  INFO 35500 --- [backend-api] [nio-8080-exec-2] .LoggingPasswordResetNotificationAdapter : Local password recovery link generated for employee recovery_audit_20260903231622302: http://localhost:8080/reset-password?token=IgqegL3xWUAaZSzxzZS8FhS1zTz9PvhJ5AYi0EGboyI
2026-09-03T23:16:51.967-05:00  INFO 35500 --- [backend-api] [nio-8080-exec-5] .LoggingPasswordResetNotificationAdapter : Local password recovery link generated for employee recovery_security_20260903231651869: http://localhost:8080/reset-password?token=Cu9ZTgfbebD-c0BwAY3XJ9W2mjzaCV1HYf1_rvYRSsM
2026-09-03T23:17:23.518-05:00  INFO 35500 --- [backend-api] [nio-8080-exec-2] o.springdoc.api.AbstractOpenApiResource  : Init duration for springdoc-openapi is: 470 ms
2026-09-03T23:25:57.797-05:00  INFO 35500 --- [backend-api] [nio-8080-exec-8] o.springdoc.api.AbstractOpenApiResource  : Init duration for springdoc-openapi is: 275 ms
2026-09-03T23:27:39.331-05:00  INFO 35500 --- [backend-api] [nio-8080-exec-4] .LoggingPasswordResetNotificationAdapter : Local password recovery link generated for employee Diego: http://localhost:8080/reset-password?token=duojkWaD9E_vGfI3Vv7N_Ig4rTeRh7-hlB-RhNDr4mU
[ERROR] Failed to execute goal org.springframework.boot:spring-boot-maven-plugin:3.5.5:run (default-cli) on project backend-api: Process terminated with exit code: -1 -> [Help 1]
[ERROR] 
[ERROR] To see the full stack trace of the errors, re-run Maven with the -e switch.
[ERROR] Re-run Maven using the -X switch to enable full debug logging.
[ERROR] 
[ERROR] For more information about the errors and possible solutions, please read the following articles:
[ERROR] [Help 1] http://cwiki.apache.org/confluence/display/MAVEN/MojoExecutionException
