Standard Commons Logging discovery in action with spring-jcl: please remove commons-logging.jar from classpath in order to avoid potential conflicts

  .   ____          _            __ _ _
 /\\ / ___'_ __ _ _(_)_ __  __ _ \ \ \ \
( ( )\___ | '_ | '_| | '_ \/ _` | \ \ \ \
 \\/  ___)| |_)| | | | | || (_| |  ) ) ) )
  '  |____| .__|_| |_|_| |_\__, | / / / /
 =========|_|==============|___/=/_/_/_/

 :: Spring Boot ::                (v3.5.5)

2026-09-03T23:35:50.013-05:00  INFO 14640 --- [backend-api] [           main] c.e.backend.BackendApiApplication        : Starting BackendApiApplication using Java 21.0.12 with PID 14640 (C:\Mis proyectos\Diseño de experimentos\Backend\target\classes started by thedi in C:\Mis proyectos\Diseño de experimentos\Backend)
2026-09-03T23:35:50.014-05:00  INFO 14640 --- [backend-api] [           main] c.e.backend.BackendApiApplication        : The following 1 profile is active: "local"
2026-09-03T23:35:50.660-05:00  INFO 14640 --- [backend-api] [           main] .s.d.r.c.RepositoryConfigurationDelegate : Bootstrapping Spring Data JPA repositories in DEFAULT mode.
2026-09-03T23:35:50.735-05:00  INFO 14640 --- [backend-api] [           main] .s.d.r.c.RepositoryConfigurationDelegate : Finished Spring Data repository scanning in 69 ms. Found 15 JPA repository interfaces.
2026-09-03T23:35:51.191-05:00  INFO 14640 --- [backend-api] [           main] o.s.b.w.embedded.tomcat.TomcatWebServer  : Tomcat initialized with port 8080 (http)
2026-09-03T23:35:51.205-05:00  INFO 14640 --- [backend-api] [           main] o.apache.catalina.core.StandardService   : Starting service [Tomcat]
2026-09-03T23:35:51.205-05:00  INFO 14640 --- [backend-api] [           main] o.apache.catalina.core.StandardEngine    : Starting Servlet engine: [Apache Tomcat/10.1.44]
2026-09-03T23:35:51.263-05:00  INFO 14640 --- [backend-api] [           main] o.a.c.c.C.[Tomcat].[localhost].[/]       : Initializing Spring embedded WebApplicationContext
2026-09-03T23:35:51.263-05:00  INFO 14640 --- [backend-api] [           main] w.s.c.ServletWebServerApplicationContext : Root WebApplicationContext: initialization completed in 1221 ms
Standard Commons Logging discovery in action with spring-jcl: please remove commons-logging.jar from classpath in order to avoid potential conflicts
2026-09-03T23:35:51.438-05:00  INFO 14640 --- [backend-api] [           main] com.zaxxer.hikari.HikariDataSource       : HikariPool-1 - Starting...
2026-09-03T23:35:51.607-05:00  INFO 14640 --- [backend-api] [           main] com.zaxxer.hikari.pool.HikariPool        : HikariPool-1 - Added connection com.mysql.cj.jdbc.ConnectionImpl@7afbf2a0
2026-09-03T23:35:51.609-05:00  INFO 14640 --- [backend-api] [           main] com.zaxxer.hikari.HikariDataSource       : HikariPool-1 - Start completed.
2026-09-03T23:35:51.664-05:00  INFO 14640 --- [backend-api] [           main] org.flywaydb.core.FlywayExecutor         : Database: jdbc:mysql://localhost:3306/employee_wellbeing_db?useSSL=false&serverTimezone=UTC&allowPublicKeyRetrieval=true (MySQL 8.0)
2026-09-03T23:35:52.056-05:00  INFO 14640 --- [backend-api] [           main] o.f.core.internal.command.DbValidate     : Successfully validated 12 migrations (execution time 00:00.036s)
2026-09-03T23:35:52.066-05:00  INFO 14640 --- [backend-api] [           main] o.f.core.internal.command.DbMigrate      : Current version of schema `employee_wellbeing_db`: 12
2026-09-03T23:35:52.068-05:00  INFO 14640 --- [backend-api] [           main] o.f.core.internal.command.DbMigrate      : Schema `employee_wellbeing_db` is up to date. No migration necessary.
2026-09-03T23:35:52.142-05:00  INFO 14640 --- [backend-api] [           main] o.hibernate.jpa.internal.util.LogHelper  : HHH000204: Processing PersistenceUnitInfo [name: default]
2026-09-03T23:35:52.196-05:00  INFO 14640 --- [backend-api] [           main] org.hibernate.Version                    : HHH000412: Hibernate ORM core version 6.6.26.Final
2026-09-03T23:35:52.229-05:00  INFO 14640 --- [backend-api] [           main] o.h.c.internal.RegionFactoryInitiator    : HHH000026: Second-level cache disabled
2026-09-03T23:35:52.463-05:00  INFO 14640 --- [backend-api] [           main] o.s.o.j.p.SpringPersistenceUnitInfo      : No LoadTimeWeaver setup: ignoring JPA class transformer
2026-09-03T23:35:52.539-05:00  INFO 14640 --- [backend-api] [           main] org.hibernate.orm.connections.pooling    : HHH10001005: Database info:
	Database JDBC URL [Connecting through datasource 'HikariDataSource (HikariPool-1)']
	Database driver: undefined/unknown
	Database version: 8.0.46
	Autocommit mode: undefined/unknown
	Isolation level: undefined/unknown
	Minimum pool size: undefined/unknown
	Maximum pool size: undefined/unknown
2026-09-03T23:35:53.440-05:00  INFO 14640 --- [backend-api] [           main] o.h.e.t.j.p.i.JtaPlatformInitiator       : HHH000489: No JTA platform available (set 'hibernate.transaction.jta.platform' to enable JTA platform integration)
2026-09-03T23:35:53.478-05:00  INFO 14640 --- [backend-api] [           main] j.LocalContainerEntityManagerFactoryBean : Initialized JPA EntityManagerFactory for persistence unit 'default'
2026-09-03T23:35:54.178-05:00  INFO 14640 --- [backend-api] [           main] o.s.d.j.r.query.QueryEnhancerFactory     : Hibernate is in classpath; If applicable, HQL parser will be used.
2026-09-03T23:35:54.857-05:00  INFO 14640 --- [backend-api] [           main] r$InitializeUserDetailsManagerConfigurer : Global AuthenticationManager configured with UserDetailsService bean with name userDetailsService
2026-09-03T23:35:55.202-05:00  INFO 14640 --- [backend-api] [           main] o.s.b.w.embedded.tomcat.TomcatWebServer  : Tomcat started on port 8080 (http) with context path '/'
2026-09-03T23:35:55.207-05:00  INFO 14640 --- [backend-api] [           main] c.e.backend.BackendApiApplication        : Started BackendApiApplication in 5.553 seconds (process running for 5.82)
2026-09-03T23:36:18.116-05:00  INFO 14640 --- [backend-api] [nio-8080-exec-1] o.a.c.c.C.[Tomcat].[localhost].[/]       : Initializing Spring DispatcherServlet 'dispatcherServlet'
2026-09-03T23:36:18.116-05:00  INFO 14640 --- [backend-api] [nio-8080-exec-1] o.s.web.servlet.DispatcherServlet        : Initializing Servlet 'dispatcherServlet'
2026-09-03T23:36:18.118-05:00  INFO 14640 --- [backend-api] [nio-8080-exec-1] o.s.web.servlet.DispatcherServlet        : Completed initialization in 2 ms
2026-09-03T23:41:41.489-05:00  INFO 14640 --- [backend-api] [nio-8080-exec-7] o.springdoc.api.AbstractOpenApiResource  : Init duration for springdoc-openapi is: 513 ms
